src/app/book/actions.ts(50,5): error TS1232: An import declaration can only be used at the top level of a namespace or module.
src/app/book/actions.ts(50,33): error TS2307: Cannot find module '@/lib/google' or its corresponding type declarations.
src/app/clients/page.tsx(1,10): error TS2305: Module '"./actions"' has no exported member 'getClients'.
src/app/login/page.tsx(6,9): error TS7034: Variable 'users' implicitly has type 'any[]' in some locations where its type cannot be determined.
src/app/login/page.tsx(39,22): error TS7005: Variable 'users' implicitly has an 'any[]' type.
src/lib/stripe.ts(5,5): error TS2322: Type '"2023-10-16"' is not assignable to type '"2025-10-29.clover"'.
